
================================================================
2017-18
================================================================
[2017-18] fixed grid 15820x14875, shelf 14,391 km2, tiles imaged 11/11
  18DXF  2018-02-22 of  2  halo  0.0%  +   0.00 km2 on shelf
  18DXG  2018-02-25 of  1  halo  0.0%  +   0.00 km2 on shelf
  18DXH  2018-02-25 of  1  halo  0.0%  +   0.00 km2 on shelf
  19CDV  2018-02-22 of  2  halo  0.6%  +   0.50 km2 on shelf
  19CEV  2018-02-22 of  2  halo  0.4%  +   3.44 km2 on shelf
  19DDA  2018-02-22 of  2  halo  0.0%  +   0.00 km2 on shelf
  19DDC  2018-02-25 of  1  halo  0.0%  +   0.00 km2 on shelf
  19DEA  2018-02-22 of  2  halo 18.9% POORLY  +   6.45 km2 on shelf
  19DFA  2018-01-19 of  2  halo  0.0%  +   0.00 km2 on shelf
  19DFC  2018-02-07 of  1  halo  0.0%  +   0.00 km2 on shelf
  20CME  2018-02-05 of  2  halo  0.0%  +   0.00 km2 on shelf

[2017-18] shelf-wide seasonal-max meltwater: 9.5 km2 (0.07% of shelf); dominant-tile halo 18.9%  [POORLY OBSERVED]

================================================================
2018-19
================================================================
[2018-19] fixed grid 15820x14875, shelf 14,391 km2, tiles imaged 11/11
  18DXF  2019-02-07 of 16  halo  0.0%  +   0.00 km2 on shelf
  18DXG  2019-01-24 of  8  halo  0.0%  +   0.00 km2 on shelf
  18DXH  2019-01-24 of  9  halo  0.0%  +   0.00 km2 on shelf
  19CDV  2019-01-25 of 13  halo  0.0%  +   0.48 km2 on shelf
  19CEV  2019-01-25 of 16  halo  0.4%  +   4.06 km2 on shelf
  19DDA  2019-01-04 of  8  halo  0.0%  +   0.00 km2 on shelf
  19DDC  2019-01-24 of  9  halo  0.0%  +   0.00 km2 on shelf
  19DEA  2019-01-05 of 14  halo  1.4%  +  12.56 km2 on shelf
  19DFA  2019-02-23 of 20  halo  0.0%  +   0.00 km2 on shelf
  19DFC  2019-02-23 of 17  halo  0.0%  +   0.00 km2 on shelf
  20CME  2019-02-23 of 25  halo  0.0%  +   0.00 km2 on shelf

[2018-19] shelf-wide seasonal-max meltwater: 15.5 km2 (0.11% of shelf); dominant-tile halo 1.4%

================================================================
2019-20
================================================================
[2019-20] fixed grid 15820x14875, shelf 14,391 km2, tiles imaged 11/11
  18DXF  2020-01-18 of 18  halo  0.0%  +   0.00 km2 on shelf
  18DXG  2020-01-18 of 10  halo  0.0%  +   0.00 km2 on shelf
  18DXH  2020-01-19 of 18  halo  0.0%  +   0.00 km2 on shelf
  19CDV  2020-01-29 of 13  halo 20.1%  +   5.80 km2 on shelf
  19CEV  2020-01-29 of 13  halo  0.2%  +  20.40 km2 on shelf
  19DDA  2020-01-23 of 11  halo  0.0%  +   0.00 km2 on shelf
  19DDC  2020-01-19 of 17  halo  0.0%  +   0.00 km2 on shelf
  19DEA  2020-01-29 of 16  halo 16.8%  + 821.20 km2 on shelf
  19DFA  2020-02-23 of 24  halo  0.0%  +   0.00 km2 on shelf
  19DFC  2020-01-19 of 25  halo  0.0%  +   0.00 km2 on shelf
  20CME  2020-01-19 of 25  halo  0.0%  +   0.00 km2 on shelf

[2019-20] shelf-wide seasonal-max meltwater: 840.5 km2 (5.84% of shelf); dominant-tile halo 16.8%

================================================================
2020-21
================================================================
[2020-21] fixed grid 15820x14875, shelf 14,391 km2, tiles imaged 11/11
  18DXF  2021-02-08 of 25  halo  0.0%  +   0.00 km2 on shelf
  18DXG  2021-01-23 of 25  halo  0.0%  +   0.00 km2 on shelf
  18DXH  2021-01-23 of 25  halo  0.0%  +   0.00 km2 on shelf
  19CDV  2021-02-13 of 25  halo  2.2%  +   4.50 km2 on shelf
  19CEV  2021-01-24 of 24  halo  0.3%  +  13.76 km2 on shelf
  19DDA  2021-02-08 of 24  halo  0.0%  +   0.00 km2 on shelf
  19DDC  2021-01-22 of 25  halo  0.0%  +   0.00 km2 on shelf
  19DEA  2021-01-24 of 23  halo  1.4%  + 127.17 km2 on shelf
  19DFA  2021-01-23 of 25  halo  0.0%  +   0.00 km2 on shelf
  19DFC  2021-01-26 of 25  halo  0.0%  +   0.00 km2 on shelf
  20CME  2021-01-13 of 25  halo  0.0%  +   0.00 km2 on shelf

[2020-21] shelf-wide seasonal-max meltwater: 142.5 km2 (0.99% of shelf); dominant-tile halo 1.4%

================================================================
2021-22
================================================================
[2021-22] fixed grid 15820x14875, shelf 14,391 km2, tiles imaged 11/11
  18DXF  2022-01-02 of 20  halo  0.0%  +   0.00 km2 on shelf
  18DXG  2022-01-07 of 10  halo  0.0%  +   0.00 km2 on shelf
  18DXH  2022-01-11 of 10  halo  0.0%  +   0.00 km2 on shelf
  19CDV  2022-01-12 of 13  halo  0.6%  +   0.31 km2 on shelf
  19CEV  2022-02-17 of 12  halo  0.3%  +   4.27 km2 on shelf
  19DDA  2022-01-01 of 17  halo  0.0%  +   0.00 km2 on shelf
  19DDC  2022-01-11 of 12  halo  0.0%  +   0.00 km2 on shelf
  19DEA  2022-01-11 of 11  halo 10.1%  +   6.92 km2 on shelf
  19DFA  2022-01-22 of 10  halo  0.0%  +   0.00 km2 on shelf
  19DFC  2022-01-01 of 10  halo  0.0%  +   0.00 km2 on shelf
  20CME  2022-02-27 of 12  halo  0.0%  +   0.00 km2 on shelf

[2021-22] shelf-wide seasonal-max meltwater: 11.5 km2 (0.08% of shelf); dominant-tile halo 10.1%

================================================================
2022-23
================================================================
[2022-23] fixed grid 15820x14875, shelf 14,391 km2, tiles imaged 11/11
  18DXF  2023-01-22 of  8  halo  0.0%  +   0.00 km2 on shelf
  18DXG  2023-02-22 of  2  halo  0.0%  +   0.00 km2 on shelf
  18DXH  2023-02-22 of 12  halo  0.0%  +   0.00 km2 on shelf
  19CDV  2023-02-22 of 10  halo  0.6%  +   8.36 km2 on shelf
  19CEV  2023-01-16 of 13  halo  0.4%  +   9.92 km2 on shelf
  19DDA  2023-02-26 of  7  halo  0.0%  +   0.00 km2 on shelf
  19DDC  2023-02-22 of  9  halo  0.0%  +   0.00 km2 on shelf
  19DEA  2023-02-23 of  9  halo  1.3%  +  30.50 km2 on shelf
  19DFA  2023-02-26 of 13  halo  0.0%  +   0.00 km2 on shelf
  19DFC  2023-02-23 of 11  halo  0.0%  +   0.00 km2 on shelf
  20CME  2023-02-22 of 19  halo  0.0%  +   0.00 km2 on shelf

[2022-23] shelf-wide seasonal-max meltwater: 46.3 km2 (0.32% of shelf); dominant-tile halo 1.3%

================================================================
2023-24
================================================================
[2023-24] fixed grid 15820x14875, shelf 14,391 km2, tiles imaged 11/11
  18DXF  2024-01-27 of 14  halo  0.0%  +   0.00 km2 on shelf
  18DXG  2024-02-13 of  8  halo  0.0%  +   0.00 km2 on shelf
  18DXH  2024-01-24 of 15  halo  0.0%  +   0.00 km2 on shelf
  19CDV  2024-01-31 of 12  halo  0.7%  +   2.40 km2 on shelf
  19CEV  2024-01-31 of 11  halo  0.1%  +   2.77 km2 on shelf
  19DDA  2024-01-31 of 10  halo  0.0%  +   0.00 km2 on shelf
  19DDC  2024-01-24 of  9  halo  0.0%  +   0.00 km2 on shelf
  19DEA  2024-02-08 of 12  halo  5.3%  +  63.87 km2 on shelf
  19DFA  2024-01-15 of 13  halo  0.0%  +   0.00 km2 on shelf
  19DFC  2024-02-01 of 16  halo  0.0%  +   0.00 km2 on shelf
  20CME  2024-01-08 of 14  halo  0.0%  +   0.00 km2 on shelf

[2023-24] shelf-wide seasonal-max meltwater: 68.0 km2 (0.47% of shelf); dominant-tile halo 5.3%

================================================================
2024-25
================================================================
[2024-25] fixed grid 15820x14875, shelf 14,391 km2, tiles imaged 11/11
  18DXF  2025-02-20 of 16  halo  0.0%  +   0.00 km2 on shelf
  18DXG  2025-02-28 of 14  halo  0.0%  +   0.00 km2 on shelf
  18DXH  2025-01-24 of 20  halo  0.0%  +   0.00 km2 on shelf
  19CDV  2025-01-19 of 15  halo  0.6%  +  14.73 km2 on shelf
  19CEV  2025-01-19 of 18  halo  0.4%  +  42.64 km2 on shelf
  19DDA  2025-01-05 of 13  halo  0.0%  +   0.00 km2 on shelf
  19DDC  2025-01-05 of 18  halo  0.0%  +   0.00 km2 on shelf
  19DEA  2025-01-03 of 14  halo  2.0%  +  47.04 km2 on shelf
  19DFA  2025-02-12 of 15  halo  0.0%  +   0.00 km2 on shelf
  19DFC  2025-02-28 of 20  halo  0.0%  +   0.00 km2 on shelf
  20CME  2025-01-12 of 20  halo  0.0%  +   0.00 km2 on shelf

[2024-25] shelf-wide seasonal-max meltwater: 97.9 km2 (0.68% of shelf); dominant-tile halo 2.0%

================================================================
2025-26
================================================================
[2025-26] fixed grid 15820x14875, shelf 14,391 km2, tiles imaged 11/11
  18DXF  2026-01-16 of 14  halo  0.0%  +   0.00 km2 on shelf
  18DXG  2026-02-06 of 12  halo  0.0%  +   0.00 km2 on shelf
  18DXH  2026-02-23 of 19  halo  0.0%  +   0.00 km2 on shelf
  19CDV  2026-02-10 of 14  halo  0.6%  +  18.87 km2 on shelf
  19CEV  2026-02-10 of 20  halo  0.4%  +  45.48 km2 on shelf
  19DDA  2026-01-03 of 12  halo  0.0%  +   0.00 km2 on shelf
  19DDC  2026-01-14 of 18  halo  0.0%  +   0.00 km2 on shelf
  19DEA  2026-02-07 of 15  halo  7.3%  +  72.73 km2 on shelf
  19DFA  2026-01-02 of 17  halo  0.0%  +   0.00 km2 on shelf
  19DFC  2026-01-14 of 19  halo  0.0%  +   0.00 km2 on shelf
  20CME  2026-02-16 of 24  halo  0.0%  +   0.00 km2 on shelf

[2025-26] shelf-wide seasonal-max meltwater: 115.3 km2 (0.80% of shelf); dominant-tile halo 7.3%

================================================================
SHELF-WIDE SEASONAL-MAX MELTWATER (George VI)
================================================================
  season     meltwater km2  % of shelf   tiles  shelf halo  quality
  2017-18              9.5       0.07%   11/11       18.9%  poorly observed
  2018-19             15.5       0.11%   11/11        1.4%  ok
  2019-20            840.5       5.84%   11/11       16.8%  ok
  2020-21            142.5       0.99%   11/11        1.4%  ok
  2021-22             11.5       0.08%   11/11       10.1%  ok
  2022-23             46.3       0.32%   11/11        1.3%  ok
  2023-24             68.0       0.47%   11/11        5.3%  ok
  2024-25             97.9       0.68%   11/11        2.0%  ok
  2025-26            115.3       0.80%   11/11        7.3%  ok

  saved -> output\shelf\history.json
