[2020-21] fixed grid 15820x14875, shelf 14,391 km2, tiles imaged 11/11
  18DXF  25 scenes, ~0 clear looks/px  +   0.00 km2 persistent water
  18DXG  25 scenes, ~0 clear looks/px  +   0.00 km2 persistent water
  18DXH  25 scenes, ~0 clear looks/px  +   0.00 km2 persistent water
  19CDV  25 scenes, ~7 clear looks/px  +   5.69 km2 persistent water
  19CEV  24 scenes, ~7 clear looks/px  +  10.92 km2 persistent water
  19DDA  24 scenes, ~0 clear looks/px  +   0.00 km2 persistent water
  19DDC  25 scenes, ~0 clear looks/px  +   0.00 km2 persistent water
  19DEA  23 scenes, ~7 clear looks/px  + 178.61 km2 persistent water
  19DFA  25 scenes, ~0 clear looks/px  +   0.00 km2 persistent water
  19DFC  25 scenes, ~0 clear looks/px  +   0.00 km2 persistent water
  20CME  25 scenes, ~0 clear looks/px  +   0.00 km2 persistent water

[2020-21] shelf-wide seasonal-max meltwater: 190.4 km2 (1.32% of shelf); dominant tile ~7 clear looks
>>> 2020-21 190.42 km2  clear_looks 7 poorly False
[2024-25] fixed grid 15820x14875, shelf 14,391 km2, tiles imaged 11/11
  18DXF  16 scenes, ~0 clear looks/px  +   0.00 km2 persistent water
  18DXG  14 scenes, ~0 clear looks/px  +   0.00 km2 persistent water
  18DXH  20 scenes, ~0 clear looks/px  +   0.00 km2 persistent water
  19CDV  15 scenes, ~7 clear looks/px  +  21.11 km2 persistent water
  19CEV  18 scenes, ~9 clear looks/px  +  41.74 km2 persistent water
  19DDA  13 scenes, ~0 clear looks/px  +   0.00 km2 persistent water
  19DDC  18 scenes, ~0 clear looks/px  +   0.00 km2 persistent water
  19DEA  14 scenes, ~8 clear looks/px  + 781.30 km2 persistent water
  19DFA  15 scenes, ~0 clear looks/px  +   0.00 km2 persistent water
  19DFC  20 scenes, ~0 clear looks/px  +   0.00 km2 persistent water
