[2019-20] fixed grid 15820x14875, shelf 14,391 km2, tiles imaged 11/11
  18DXF  2020-01-18 of 18  actual-cloud  0.0%  +  0.00 km2 on shelf
  18DXG  2020-02-07 of 10  actual-cloud  1.5%  +  0.00 km2 on shelf
  18DXH  2020-01-19 of 18  actual-cloud  7.2%  +  0.00 km2 on shelf
  19CDV  2020-01-30 of 13  actual-cloud 10.6%  +  0.00 km2 on shelf
  19CEV  2020-01-29 of 13  actual-cloud  0.2%  + 20.40 km2 on shelf
  19DDA  2020-01-23 of 11  actual-cloud  9.5%  +  0.00 km2 on shelf
  19DDC  2020-01-08 of 17  actual-cloud  0.0%  +  0.00 km2 on shelf
  19DEA  2020-01-29 of 16  actual-cloud 16.2%  + 70.61 km2 on shelf
  19DFA  2020-02-23 of 24  actual-cloud  0.1%  +  0.00 km2 on shelf
  19DFC  2020-02-02 of 25  actual-cloud  5.8%  +  0.00 km2 on shelf
  20CME  2020-02-23 of 25  actual-cloud  0.0%  +  0.00 km2 on shelf

[2019-20] shelf-wide seasonal-max meltwater: 87.7 km2 (0.61% of shelf); dominant-tile halo 16.2% meta 82.4%  [POORLY OBSERVED]
>>> 2019-20 87.67 km2  halo 16.2 meta 82.4 poorly True
[2025-26] fixed grid 15820x14875, shelf 14,391 km2, tiles imaged 11/11
  18DXF  2026-02-23 of 14  actual-cloud  4.7%  +  0.00 km2 on shelf
  18DXG  2026-02-06 of 12  actual-cloud  3.9%  +  0.00 km2 on shelf
  18DXH  2026-02-06 of 19  actual-cloud  7.9%  +  0.00 km2 on shelf
  19CDV  2026-02-03 of 14  actual-cloud  3.1%  + 15.11 km2 on shelf
  19CEV  2026-02-10 of 20  actual-cloud  0.4%  + 45.48 km2 on shelf
