[2020-21] fixed grid 15820x14875, shelf 14,391 km2, tiles imaged 11/11
  18DXF  2021-02-11 of 25  actual-cloud  0.0%  +  0.00 km2 on shelf
  18DXG  2021-01-22 of 25  actual-cloud  0.0%  +  0.00 km2 on shelf
  18DXH  2021-01-02 of 25  actual-cloud  2.9%  +  0.00 km2 on shelf
  19CDV  2021-01-24 of 25  actual-cloud  0.0%  +  3.63 km2 on shelf
  19CEV  2021-01-24 of 24  actual-cloud  0.3%  + 13.76 km2 on shelf
  19DDA  2021-02-08 of 24  actual-cloud  1.8%  +  0.00 km2 on shelf
  19DDC  2021-01-22 of 25  actual-cloud  0.0%  +  0.00 km2 on shelf
  19DEA  2021-01-24 of 23  actual-cloud  1.4%  +127.17 km2 on shelf
  19DFA  2021-01-23 of 25  actual-cloud  0.1%  +  0.00 km2 on shelf
  19DFC  2021-02-02 of 25  actual-cloud  0.0%  +  0.00 km2 on shelf
  20CME  2021-01-05 of 25  actual-cloud  0.0%  +  0.00 km2 on shelf

[2020-21] shelf-wide seasonal-max meltwater: 138.5 km2 (0.96% of shelf); water-tile halo 1.4% meta 0.0%
>>> 2020-21 138.47 km2  meta 0.0 % poorly False
[2019-20] fixed grid 15820x14875, shelf 14,391 km2, tiles imaged 11/11
  18DXF  2020-01-18 of 18  actual-cloud  0.0%  +  0.00 km2 on shelf
  18DXG  2020-01-18 of 10  actual-cloud  0.0%  +  0.00 km2 on shelf
  18DXH  2020-01-18 of 18  actual-cloud  3.7%  +  0.00 km2 on shelf
  19CDV  2020-01-30 of 13  actual-cloud 10.6%  +  0.00 km2 on shelf
  19CEV  2020-01-29 of 13  actual-cloud  0.2%  + 20.40 km2 on shelf
  19DDA  2020-01-23 of 11  actual-cloud  9.5%  +  0.00 km2 on shelf
  19DDC  2020-01-08 of 17  actual-cloud  0.0%  +  0.00 km2 on shelf
  19DEA  2020-01-19 of 16  actual-cloud 16.2%  +614.69 km2 on shelf
  19DFA  2020-02-23 of 24  actual-cloud  0.1%  +  0.00 km2 on shelf
  19DFC  2020-02-19 of 25  actual-cloud  0.0%  +  0.00 km2 on shelf
  20CME  2020-01-31 of 25  actual-cloud  0.0%  +  0.00 km2 on shelf

[2019-20] shelf-wide seasonal-max meltwater: 632.4 km2 (4.39% of shelf); water-tile halo 16.2% meta 21.1%  [POORLY OBSERVED]
>>> 2019-20 632.42 km2  meta 21.1 % poorly True
[2025-26] fixed grid 15820x14875, shelf 14,391 km2, tiles imaged 11/11
  18DXF  2026-01-16 of 14  actual-cloud  0.0%  +  0.00 km2 on shelf
  18DXG  2026-01-16 of 12  actual-cloud  2.0%  +  0.00 km2 on shelf
  18DXH  2026-02-23 of 19  actual-cloud  0.0%  +  0.00 km2 on shelf
  19CDV  2026-02-07 of 14  actual-cloud  0.0%  + 11.14 km2 on shelf
  19CEV  2026-02-16 of 20  actual-cloud  0.0%  +  0.00 km2 on shelf
  19DDA  2026-01-03 of 12  actual-cloud  0.0%  +  0.00 km2 on shelf
  19DDC  2026-01-14 of 18  actual-cloud  0.0%  +  0.00 km2 on shelf
  19DEA  2026-01-21 of 15  actual-cloud  1.7%  + 24.00 km2 on shelf
  19DFA  2026-02-06 of 17  actual-cloud  0.0%  +  0.00 km2 on shelf
  19DFC  2026-02-06 of 19  actual-cloud  0.0%  +  0.00 km2 on shelf
  20CME  2026-02-16 of 24  actual-cloud  0.0%  +  0.00 km2 on shelf

[2025-26] shelf-wide seasonal-max meltwater: 35.1 km2 (0.24% of shelf); water-tile halo 1.7% meta 69.4%
>>> 2025-26 35.14 km2  meta 69.4 % poorly False
