[2020-21] fixed grid 15820x14875, shelf 14,391 km2, tiles imaged 11/11
  18DXF  2021-02-08 of 25  halo  0.0%  +   0.00 km2 on shelf
  18DXG  2021-01-23 of 25  halo  0.0%  +   0.00 km2 on shelf
  18DXH  2021-01-23 of 25  halo  0.0%  +   0.00 km2 on shelf
  19CDV  2021-02-13 of 25  halo  2.2%  +   4.50 km2 on shelf
  19CEV  2021-01-24 of 24  halo  0.3%  +  13.76 km2 on shelf
  19DDA  2021-02-08 of 24  halo  0.0%  +   0.00 km2 on shelf
  19DDC  2021-01-22 of 25  halo  0.0%  +   0.00 km2 on shelf
  19DEA  2021-01-24 of 23  halo  1.4%  + 127.17 km2 on shelf
  19DFA  2021-01-23 of 25  halo  0.0%  +   0.00 km2 on shelf
  19DFC  2021-01-26 of 25  halo  0.0%  +   0.00 km2 on shelf
  20CME  2021-01-13 of 25  halo  0.0%  +   0.00 km2 on shelf

[2020-21] shelf-wide seasonal-max meltwater: 142.5 km2 (0.99% of shelf); dominant-tile halo 1.4%
>>> 2020-21 142.48 km2  halo 1.4 poorly False
[2024-25] fixed grid 15820x14875, shelf 14,391 km2, tiles imaged 11/11
  18DXF  2025-02-20 of 16  halo  0.0%  +   0.00 km2 on shelf
  18DXG  2025-02-28 of 14  halo  0.0%  +   0.00 km2 on shelf
  18DXH  2025-01-24 of 20  halo  0.0%  +   0.00 km2 on shelf
  19CDV  2025-01-19 of 15  halo  0.6%  +  14.73 km2 on shelf
  19CEV  2025-01-19 of 18  halo  0.4%  +  42.64 km2 on shelf
  19DDA  2025-01-05 of 13  halo  0.0%  +   0.00 km2 on shelf
  19DDC  2025-01-05 of 18  halo  0.0%  +   0.00 km2 on shelf
  19DEA  2025-01-03 of 14  halo  2.0%  +  47.04 km2 on shelf
  19DFA  2025-02-12 of 15  halo  0.0%  +   0.00 km2 on shelf
  19DFC  2025-02-28 of 20  halo  0.0%  +   0.00 km2 on shelf
  20CME  2025-01-12 of 20  halo  0.0%  +   0.00 km2 on shelf

[2024-25] shelf-wide seasonal-max meltwater: 97.9 km2 (0.68% of shelf); dominant-tile halo 2.0%
>>> 2024-25 97.93 km2  halo 2.0 poorly False
[2025-26] fixed grid 15820x14875, shelf 14,391 km2, tiles imaged 11/11
  18DXF  2026-01-16 of 14  halo  0.0%  +   0.00 km2 on shelf
  18DXG  2026-02-06 of 12  halo  0.0%  +   0.00 km2 on shelf
  18DXH  2026-02-23 of 19  halo  0.0%  +   0.00 km2 on shelf
  19CDV  2026-02-10 of 14  halo  0.6%  +  18.87 km2 on shelf
  19CEV  2026-02-10 of 20  halo  0.4%  +  45.48 km2 on shelf
  19DDA  2026-01-03 of 12  halo  0.0%  +   0.00 km2 on shelf
  19DDC  2026-01-14 of 18  halo  0.0%  +   0.00 km2 on shelf
  19DEA  2026-02-07 of 15  halo  7.3%  +  72.73 km2 on shelf
  19DFA  2026-01-02 of 17  halo  0.0%  +   0.00 km2 on shelf
  19DFC  2026-01-14 of 19  halo  0.0%  +   0.00 km2 on shelf
  20CME  2026-02-16 of 24  halo  0.0%  +   0.00 km2 on shelf

[2025-26] shelf-wide seasonal-max meltwater: 115.3 km2 (0.80% of shelf); dominant-tile halo 7.3%
>>> 2025-26 115.31 km2  halo 7.3 poorly False
[2019-20] fixed grid 15820x14875, shelf 14,391 km2, tiles imaged 11/11
  18DXF  2020-01-18 of 18  halo  0.0%  +   0.00 km2 on shelf
  18DXG  2020-01-18 of 10  halo  0.0%  +   0.00 km2 on shelf
  18DXH  2020-01-19 of 18  halo  0.0%  +   0.00 km2 on shelf
  19CDV  2020-01-29 of 13  halo 20.1%  +   5.80 km2 on shelf
  19CEV  2020-01-29 of 13  halo  0.2%  +  20.40 km2 on shelf
  19DDA  2020-01-23 of 11  halo  0.0%  +   0.00 km2 on shelf
  19DDC  2020-01-19 of 17  halo  0.0%  +   0.00 km2 on shelf
  19DEA  2020-01-29 of 16  halo 16.8%  + 821.20 km2 on shelf
  19DFA  2020-02-23 of 24  halo  0.0%  +   0.00 km2 on shelf
  19DFC  2020-01-19 of 25  halo  0.0%  +   0.00 km2 on shelf
  20CME  2020-01-19 of 25  halo  0.0%  +   0.00 km2 on shelf

[2019-20] shelf-wide seasonal-max meltwater: 840.5 km2 (5.84% of shelf); dominant-tile halo 16.8%
>>> 2019-20 840.52 km2  halo 16.8 poorly False
