[2020-21] fixed grid 15820x14875, shelf 14,391 km2, tiles imaged 11/11
  18DXF  2021-02-08 of 10  actual-cloud  2.2%  +  0.00 km2 on shelf
  18DXG  2021-01-22 of  7  actual-cloud  0.0%  +  0.00 km2 on shelf
  18DXH  2021-01-23 of  6  actual-cloud  8.5%  +  0.00 km2 on shelf
  19CDV  2021-02-13 of 10  actual-cloud  2.2%  +  4.50 km2 on shelf
  19CEV  2021-01-24 of 10  actual-cloud  0.3%  + 13.76 km2 on shelf
  19DDA  2021-02-08 of  9  actual-cloud  1.8%  +  0.00 km2 on shelf
  19DDC  2021-01-22 of  7  actual-cloud  0.0%  +  0.00 km2 on shelf
  19DEA  2021-01-24 of 10  actual-cloud  1.4%  +127.17 km2 on shelf
  19DFA  2021-02-07 of 10  actual-cloud  0.5%  +  0.00 km2 on shelf
  19DFC  2021-01-26 of 10  actual-cloud  0.2%  +  0.00 km2 on shelf
  20CME  2021-01-13 of 10  actual-cloud  0.2%  +  0.00 km2 on shelf

[2020-21] shelf-wide seasonal-max meltwater: 142.5 km2 (0.99% of shelf); worst water-tile cloud 2.2%
>>> 2020-21 142.48 km2  obs_cloud 2.2 %
[2024-25] fixed grid 15820x14875, shelf 14,391 km2, tiles imaged 11/11
  18DXF  2025-01-29 of  5  actual-cloud  4.6%  +  0.00 km2 on shelf
  18DXG  2025-02-28 of  3  actual-cloud  5.0%  +  0.00 km2 on shelf
  18DXH  2025-02-27 of  7  actual-cloud  4.1%  +  0.00 km2 on shelf
  19CDV  2025-01-28 of  1  actual-cloud  0.0%  +  0.00 km2 on shelf
  19CEV  2025-01-15 of  1  actual-cloud  0.1%  + 17.96 km2 on shelf
  19DDA  2025-01-29 of  3  actual-cloud  7.8%  +  0.00 km2 on shelf
  19DDC  2025-02-27 of  5  actual-cloud  7.2%  +  0.00 km2 on shelf
  19DEA  2025-01-05 of  7  actual-cloud  4.8%  + 29.66 km2 on shelf
  19DFA  2025-02-16 of  2  actual-cloud  0.0%  +  0.00 km2 on shelf
  19DFC  2025-02-24 of  3  actual-cloud  0.0%  +  0.00 km2 on shelf
  20CME  2025-01-12 of  1  actual-cloud  0.0%  +  0.00 km2 on shelf

[2024-25] shelf-wide seasonal-max meltwater: 47.4 km2 (0.33% of shelf); worst water-tile cloud 4.8%
>>> 2024-25 47.43 km2  obs_cloud 4.8 %
[2019-20] fixed grid 15820x14875, shelf 14,391 km2, tiles imaged 11/11
  18DXF  2020-01-18 of  7  actual-cloud  0.0%  +  0.00 km2 on shelf
  18DXG  2020-02-07 of  6  actual-cloud  1.5%  +  0.00 km2 on shelf
  18DXH  2020-01-19 of  8  actual-cloud  7.2%  +  0.00 km2 on shelf
  19CDV  2020-01-29 of  1  actual-cloud 20.1%  +  5.80 km2 on shelf
  19CEV  2020-01-29 of  5  actual-cloud  0.2%  + 20.40 km2 on shelf
  19DDA  2020-01-23 of  2  actual-cloud  9.5%  +  0.00 km2 on shelf
  19DDC  2020-01-08 of  7  actual-cloud  0.0%  +  0.00 km2 on shelf
  19DEA  2020-01-29 of  5  actual-cloud 16.8%  +821.20 km2 on shelf
  19DFA  2020-02-23 of 10  actual-cloud  0.1%  +  0.00 km2 on shelf
  19DFC  2020-01-19 of 10  actual-cloud  0.2%  +  0.00 km2 on shelf
  20CME  2020-02-23 of 10  actual-cloud  0.0%  +  0.00 km2 on shelf

[2019-20] shelf-wide seasonal-max meltwater: 840.5 km2 (5.84% of shelf); worst water-tile cloud 20.1%
>>> 2019-20 840.52 km2  obs_cloud 20.1 %
